{
	"SectionName": "target_features",
	"Payload": "BCsKbXVsdGl2YWx1ZSsPbXV0YWJsZS1nbG9iYWxzKw9yZWZlcmVuY2UtdHlwZXMrCHNpZ24tZXh0"
}