{
	"Entries": [
		{
			"Module": "env",
			"Field": "__linear_memory",
			"Kind": 2,
			"FunctionType": null,
			"TableType": null,
			"MemoryType": {
				"Limits": {
					"Initial": 1,
					"Maximum": 0
				}
			},
			"GlobalType": null
		},
		{
			"Module": "env",
			"Field": "imported",
			"Kind": 0,
			"FunctionType": {
				"Index": 0
			},
			"TableType": null,
			"MemoryType": null,
			"GlobalType": null
		},
		{
			"Module": "env",
			"Field": "__stack_pointer",
			"Kind": 3,
			"FunctionType": null,
			"TableType": null,
			"MemoryType": null,
			"GlobalType": {
				"ContentType": 127,
				"Mutable": true
			}
		}
	]
}