{
	"SectionName": "producers",
	"Payload": "AghsYW5ndWFnZQEDQzExAAxwcm9jZXNzZWQtYnkBDERlYmlhbiBjbGFuZz8xOS4xLjAgKCsrMjAyNDA4MTUwODMwNTQrNGQ0YTQxMDBmNjhkLTF+ZXhwMX4yMDI0MDgxNTA4MzIwOS4yNCk="
}