{
	"SectionName": ".debug_ranges",
	"Payload": "AgAAADQAAAA1AAAAQAAAAEEAAABJAAAAAAAAAAAAAAA="
}