{
	"SectionName": "reloc..debug_ranges",
	"Payload": "CQYIAAAACAQAMggIBQAIDAULCBAGAAgUBgg="
}