{
	"SectionName": ".debug_line",
	"Payload": "YwAAAAQAKgAAAAEBAfsODQABAQEBAAAAAQAAAXRlc3RkYXRhAABvYmpmaWxlLmMAAQAAAAUSCgAFAgMAAAAZBRTJBRJz5gUCdQUBZwIBAAEBBQkKAAUCNgAAAAMOAQUCBpACAQABAQ=="
}