{
	"Entries": [
		{
			"Index": 0,
			"Offset": "QQAL",
			"Data": "AAAAAA=="
		},
		{
			"Index": 0,
			"Offset": "QQgL",
			"Data": "AAAAAAAAAAA="
		}
	]
}