{
	"SectionName": "reloc.CODE",
	"Payload": "BQYDEgEAAx0CAAMoAwAALgQDOgEAAUMH"
}