{
	"SectionName": "reloc..debug_ranges",
	"Payload": "CAQIAAAACAQAMggIBQAIDAUL"
}