{
	"SectionName": ".debug_info",
	"Payload": "lgAAAAQAAAAAAAQBAAAAAB0ALAAAAAAAAAA/AAAAAAAAAAAAAAACXQAAADcAAAABAQUDAAAAAANtAAAABQQCcQAAAE8AAAABAgUDCAAAAAODAAAABAgEAgAAADIAAAAH7QMAAAAAn5MAAAABBwV3AAAAMwAAAAAGigAAAAEFBzUAAAALAAAAB+0DAAAAAJ+cAAAAAQ5PAAAAAA=="
}