{
	"SectionName": "reloc..debug_line",
	"Payload": "CwMIOgABCFcFAQhtBgE="
}