{
	"Entries": [
		{
			"Index": 0,
			"Offset": "QQEL",
			"Elems": [
				1
			]
		}
	]
}